
--- Vigilance Session Started: 2026-04-14 21:03:51.540495 ---
Monitoring target: luminor.tv
[21:03:51] Status: completed | Phase: done | Progress: 0%
[21:04:51] Status: completed | Phase: done | Progress: 0%
[21:05:51] Status: running | Phase: subdomain_discovery | Progress: 0%
[21:06:51] Status: running | Phase: subdomain_discovery | Progress: 0%
[21:07:51] Status: running | Phase: subdomain_discovery | Progress: 0%
[21:08:51] Status: completed | Phase: done | Progress: 0%
[21:09:51] Status: completed | Phase: done | Progress: 0%
[21:10:51] Status: completed | Phase: done | Progress: 0%
[21:11:51] Status: running | Phase: subdomain_discovery | Progress: 0%
[21:12:51] Status: running | Phase: subdomain_discovery | Progress: 0%
[21:13:51] Status: completed | Phase: done | Progress: 0%
[21:14:51] Status: completed | Phase: done | Progress: 0%
[21:15:51] Status: completed | Phase: done | Progress: 0%
[21:16:51] Status: completed | Phase: done | Progress: 0%
[21:17:51] Status: completed | Phase: done | Progress: 0%
[21:18:51] Status: completed | Phase: done | Progress: 0%
[21:19:51] Status: completed | Phase: done | Progress: 0%
[21:20:51] Status: completed | Phase: done | Progress: 0%
[21:21:51] Status: completed | Phase: done | Progress: 0%
[21:22:51] Status: completed | Phase: done | Progress: 0%
[21:23:51] Status: completed | Phase: done | Progress: 0%
[21:24:51] Status: completed | Phase: done | Progress: 0%
[21:25:51] Status: completed | Phase: done | Progress: 0%
[21:26:51] Status: completed | Phase: done | Progress: 0%
[21:27:51] Status: completed | Phase: done | Progress: 0%
[21:28:51] Status: completed | Phase: done | Progress: 0%
[21:29:51] Status: completed | Phase: done | Progress: 0%
[21:30:51] Status: completed | Phase: done | Progress: 0%
[21:31:51] Status: completed | Phase: done | Progress: 0%
[21:32:51] Status: completed | Phase: done | Progress: 0%
[21:33:51] Status: completed | Phase: done | Progress: 0%
[21:34:51] Status: completed | Phase: done | Progress: 0%
[21:35:51] Status: completed | Phase: done | Progress: 0%
[21:36:51] Status: completed | Phase: done | Progress: 0%
[21:37:51] Status: completed | Phase: done | Progress: 0%
[21:38:51] Status: completed | Phase: done | Progress: 0%
[21:39:51] Status: completed | Phase: done | Progress: 0%
[21:40:51] Status: completed | Phase: done | Progress: 0%
[21:41:51] Status: completed | Phase: done | Progress: 0%
[21:42:51] Status: completed | Phase: done | Progress: 0%
[21:43:51] Status: completed | Phase: done | Progress: 0%
[21:44:51] Status: completed | Phase: done | Progress: 0%
[21:45:51] Status: completed | Phase: done | Progress: 0%
[21:46:51] Status: completed | Phase: done | Progress: 0%
[21:47:51] Status: completed | Phase: done | Progress: 0%
[21:48:51] Status: running | Phase: passive_recon | Progress: 0%
